// Jest Snapshot v1, https://goo.gl/fbAQLP

exports[`cli should match snapshot 1`] = `
Array [
  Array [
    "fixtures",
  ],
  Array [
    "Serverside",
  ],
  Array [
    "type,#1,min,max,mean,median",
  ],
  Array [
    "Render to string,11.901000000761996,11.901000000761996,11.901000000761996,11.901000000761996,11.901000000761996",
  ],
  Array [
    "Render to static markup (cannot be hydrated),10.560999999870546,10.560999999870546,10.560999999870546,10.560999999870546,10.560999999870546",
  ],
  Array [
    "String output size,184.64,184.64,184.64,184.64,184.64",
  ],
  Array [
    "String output size (gzip),41.16,41.16,41.16,41.16,41.16",
  ],
  Array [
    "Static markup output size,184.64,184.64,184.64,184.64,184.64",
  ],
  Array [
    "Static markup output size (gzip),41.16,41.16,41.16,41.16,41.16",
  ],
  Array [
    "Clientside",
  ],
  Array [
    "type,#1,min,max,mean,median",
  ],
  Array [
    "Initial render,23.0890000000727,23.0890000000727,23.0890000000727,23.0890000000727,23.0890000000727",
  ],
  Array [
    "Re render,1.6849999996338738,1.6849999996338738,1.6849999996338738,1.6849999996338738,1.6849999996338738",
  ],
  Array [
    "Hydrate,8.303500000329223,8.303500000329223,8.303500000329223,8.303500000329223,8.303500000329223",
  ],
  Array [
    "Complete render (mount + layout + paint),55.235999999968044,55.235999999968044,55.235999999968044,55.235999999968044,55.235999999968044",
  ],
  Array [
    "DOM element count,1475,1475,1475,1475,1475",
  ],
  Array [
    "DOM element count (no nested inline svg elements),706,706,706,706,706",
  ],
  Array [
    "React Fiber node count,3886,3886,3886,3886,3886",
  ],
  Array [],
  Array [
    "Type,fixtures",
  ],
  Array [
    "Render to string,11.901000000761996",
  ],
  Array [
    "Render to static markup (cannot be hydrated),10.560999999870546",
  ],
  Array [
    "String output size,184.64",
  ],
  Array [
    "String output size (gzip),41.16",
  ],
  Array [
    "Static markup output size,184.64",
  ],
  Array [
    "Static markup output size (gzip),41.16",
  ],
  Array [
    "Initial render,23.0890000000727",
  ],
  Array [
    "Re render,1.6849999996338738",
  ],
  Array [
    "Hydrate,8.303500000329223",
  ],
  Array [
    "Complete render (mount + layout + paint),55.235999999968044",
  ],
  Array [
    "DOM element count,1475",
  ],
  Array [
    "DOM element count (no nested inline svg elements),706",
  ],
  Array [
    "React Fiber node count,3886",
  ],
]
`;

exports[`cli should match snapshot 2`] = `
Array [
  Array [
    "Type | fixtures",
  ],
  Array [
    "===========================================",
  ],
  Array [
    "Render to string | 11.901000000761996",
  ],
  Array [
    "Render to static markup (cannot be hydrated) | 10.560999999870546",
  ],
  Array [
    "String output size | 184.64",
  ],
  Array [
    "String output size (gzip) | 41.16",
  ],
  Array [
    "Static markup output size | 184.64",
  ],
  Array [
    "Static markup output size (gzip) | 41.16",
  ],
  Array [
    "Initial render | 23.0890000000727",
  ],
  Array [
    "Re render | 1.6849999996338738",
  ],
  Array [
    "Hydrate | 8.303500000329223",
  ],
  Array [
    "Complete render (mount + layout + paint) | 55.235999999968044",
  ],
  Array [
    "DOM element count | 1475",
  ],
  Array [
    "DOM element count (no nested inline svg elements) | 706",
  ],
  Array [
    "React Fiber node count | 3886",
  ],
]
`;
